ERC report (5/13/2023 7:58:47 AM, Encoding UTF8)

***** Sheet /
[simulation_model_issue]: Error reading simulation model from symbol 'J1':
Failed to read simulation model from fields.

    ; Severity: error (excluded)
    @(9000.00 mils, 4800.00 mils): Symbol J1 [Conn_01x06_Pin]
[pin_not_driven]: Input pin not driven by any Output pins
    ; Severity: error (excluded)
    @(6650.00 mils, 4150.00 mils): Symbol U3A Pin 3 [A1, Input, Line]
[pin_not_connected]: Pin not connected
    ; Severity: error (excluded)
    @(5450.00 mils, 2350.00 mils): Symbol U1A Pin 7 [O3, Output, Inverted]
[pin_to_pin]: Pins of type Output and Output are connected
    ; Severity: error (excluded)
    @(7650.00 mils, 5200.00 mils): Symbol U3B Pin 12 [O0, Output, Inverted]
    @(5450.00 mils, 2050.00 mils): Symbol U1A Pin 4 [O0, Output, Inverted]
[pin_not_driven]: Input pin not driven by any Output pins
    ; Severity: error (excluded)
    @(6650.00 mils, 4250.00 mils): Symbol U3A Pin 2 [A0, Input, Line]
[pin_to_pin]: Pins of type Output and Output are connected
    ; Severity: error (excluded)
    @(7650.00 mils, 4150.00 mils): Symbol U3A Pin 4 [O0, Output, Inverted]
    @(5450.00 mils, 2150.00 mils): Symbol U1A Pin 5 [O1, Output, Inverted]
[simulation_model_issue]: Error reading simulation model from symbol 'U3':
Failed to read simulation model from fields.

    ; Severity: error (excluded)
    @(7150.00 mils, 5300.00 mils): Symbol U3B [74LS139]
[simulation_model_issue]: Error reading simulation model from symbol 'U3':
Failed to read simulation model from fields.

    ; Severity: error (excluded)
    @(7150.00 mils, 4250.00 mils): Symbol U3A [74LS139]
[pin_to_pin]: Pins of type Output and Output are connected
    ; Severity: error (excluded)
    @(7650.00 mils, 3150.00 mils): Symbol U2B Pin 11 [O1, Output, Inverted]
    @(7650.00 mils, 2150.00 mils): Symbol U1B Pin 11 [O1, Output, Inverted]
[pin_to_pin]: Pins of type Output and Output are connected
    ; Severity: error (excluded)
    @(7650.00 mils, 2350.00 mils): Symbol U1B Pin 9 [O3, Output, Inverted]
    @(7650.00 mils, 3350.00 mils): Symbol U2B Pin 9 [O3, Output, Inverted]
[simulation_model_issue]: Error reading simulation model from symbol 'U2':
Failed to read simulation model from fields.

    ; Severity: error (excluded)
    @(7150.00 mils, 3150.00 mils): Symbol U2B [74LS139]
[pin_to_pin]: Conflict problem between pins
    ; Severity: warning (excluded)
    @(7650.00 mils, 3050.00 mils): Symbol U2B Pin 12 [O0, Output, Inverted]
    @(7650.00 mils, 2050.00 mils): Symbol U1B Pin 12 [O0, Output, Inverted]
[pin_to_pin]: Conflict problem between pins
    ; Severity: warning (excluded)
    @(7650.00 mils, 3250.00 mils): Symbol U2B Pin 10 [O2, Output, Inverted]
    @(7650.00 mils, 2250.00 mils): Symbol U1B Pin 10 [O2, Output, Inverted]
[pin_to_pin]: Conflict problem between pins
    ; Severity: warning (excluded)
    @(7650.00 mils, 3350.00 mils): Symbol U2B Pin 9 [O3, Output, Inverted]
    @(7650.00 mils, 2350.00 mils): Symbol U1B Pin 9 [O3, Output, Inverted]
[pin_not_driven]: Input pin not driven by any Output pins
    ; Severity: error (excluded)
    @(6650.00 mils, 3350.00 mils): Symbol U2B Pin 15 [E, Input, Inverted]
[pin_not_connected]: Pin not connected
    ; Severity: error (excluded)
    @(6650.00 mils, 2350.00 mils): Symbol U1B Pin 15 [E, Input, Inverted]
[pin_to_pin]: Pins of type Output and Output are connected
    ; Severity: error (excluded)
    @(7650.00 mils, 2050.00 mils): Symbol U1B Pin 12 [O0, Output, Inverted]
    @(7650.00 mils, 3050.00 mils): Symbol U2B Pin 12 [O0, Output, Inverted]
[pin_to_pin]: Pins of type Output and Output are connected
    ; Severity: error (excluded)
    @(7650.00 mils, 2250.00 mils): Symbol U1B Pin 10 [O2, Output, Inverted]
    @(7650.00 mils, 3250.00 mils): Symbol U2B Pin 10 [O2, Output, Inverted]
[pin_not_driven]: Input pin not driven by any Output pins
    ; Severity: error (excluded)
    @(6650.00 mils, 2350.00 mils): Symbol U1B Pin 15 [E, Input, Inverted]
[simulation_model_issue]: Error reading simulation model from symbol 'U1':
Failed to read simulation model from fields.

    ; Severity: error (excluded)
    @(7150.00 mils, 2150.00 mils): Symbol U1B [74LS139]
[simulation_model_issue]: Error reading simulation model from symbol 'U2':
Failed to read simulation model from fields.

    ; Severity: error (excluded)
    @(1500.00 mils, 5450.00 mils): Symbol U2C [74LS139]
[power_pin_not_driven]: Input Power pin not driven by any Output Power pins
    ; Severity: error (excluded)
    @(1500.00 mils, 5950.00 mils): Symbol U2C Pin 8 [GND, Power input, Line]
[power_pin_not_driven]: Input Power pin not driven by any Output Power pins
    ; Severity: error (excluded)
    @(1050.00 mils, 5950.00 mils): Symbol U1C Pin 8 [GND, Power input, Line]
[simulation_model_issue]: Error reading simulation model from symbol 'U1':
Failed to read simulation model from fields.

    ; Severity: error (excluded)
    @(1050.00 mils, 5450.00 mils): Symbol U1C [74LS139]
[power_pin_not_driven]: Input Power pin not driven by any Output Power pins
    ; Severity: error (excluded)
    @(1050.00 mils, 4950.00 mils): Symbol U1C Pin 16 [VCC, Power input, Line]
[power_pin_not_driven]: Input Power pin not driven by any Output Power pins
    ; Severity: error (excluded)
    @(1950.00 mils, 4950.00 mils): Symbol U3C Pin 16 [VCC, Power input, Line]
[simulation_model_issue]: Error reading simulation model from symbol 'U3':
Failed to read simulation model from fields.

    ; Severity: error (excluded)
    @(1950.00 mils, 5450.00 mils): Symbol U3C [74LS139]
[pin_to_pin]: Conflict problem between pins
    ; Severity: warning (excluded)
    @(5450.00 mils, 3250.00 mils): Symbol U2A Pin 6 [O2, Output, Inverted]
    @(5450.00 mils, 2250.00 mils): Symbol U1A Pin 6 [O2, Output, Inverted]
[pin_to_pin]: Pins of type Output and Output are connected
    ; Severity: error (excluded)
    @(5450.00 mils, 2250.00 mils): Symbol U1A Pin 6 [O2, Output, Inverted]
    @(5450.00 mils, 3250.00 mils): Symbol U2A Pin 6 [O2, Output, Inverted]
[simulation_model_issue]: Error reading simulation model from symbol 'U2':
Failed to read simulation model from fields.

    ; Severity: error (excluded)
    @(4950.00 mils, 3150.00 mils): Symbol U2A [74LS139]
[pin_to_pin]: Conflict problem between pins
    ; Severity: warning (excluded)
    @(5450.00 mils, 2350.00 mils): Symbol U1A Pin 7 [O3, Output, Inverted]
    @(5450.00 mils, 3350.00 mils): Symbol U2A Pin 7 [O3, Output, Inverted]
[simulation_model_issue]: Error reading simulation model from symbol 'U1':
Failed to read simulation model from fields.

    ; Severity: error (excluded)
    @(4950.00 mils, 2150.00 mils): Symbol U1A [74LS139]
[pin_to_pin]: Conflict problem between pins
    ; Severity: warning (excluded)
    @(5450.00 mils, 2150.00 mils): Symbol U1A Pin 5 [O1, Output, Inverted]
    @(7650.00 mils, 4150.00 mils): Symbol U3A Pin 4 [O0, Output, Inverted]
[pin_not_driven]: Input pin not driven by any Output pins
    ; Severity: error (excluded)
    @(4450.00 mils, 2350.00 mils): Symbol U1A Pin 1 [E, Input, Inverted]
[pin_not_driven]: Input pin not driven by any Output pins
    ; Severity: error (excluded)
    @(4450.00 mils, 2150.00 mils): Symbol U1A Pin 2 [A0, Input, Line]
[pin_not_driven]: Input pin not driven by any Output pins
    ; Severity: error (excluded)
    @(4450.00 mils, 2050.00 mils): Symbol U1A Pin 3 [A1, Input, Line]
[pin_not_driven]: Input pin not driven by any Output pins
    ; Severity: error (excluded)
    @(4450.00 mils, 3050.00 mils): Symbol U2A Pin 3 [A1, Input, Line]
[pin_not_driven]: Input pin not driven by any Output pins
    ; Severity: error (excluded)
    @(4450.00 mils, 3150.00 mils): Symbol U2A Pin 2 [A0, Input, Line]
[pin_not_driven]: Input pin not driven by any Output pins
    ; Severity: error (excluded)
    @(4450.00 mils, 3350.00 mils): Symbol U2A Pin 1 [E, Input, Inverted]

 ** ERC messages: 39  Errors 33  Warnings 6
